Build started...
Build succeeded.
Unable to create a 'DbContext' of type ''. The exception 'Cannot set default value 'ADMIN' of type 'System.String' on property 'AssignedRole' of type 'FootballManager.Domain.Enums.UserRole' in entity type 'UserLeague'.' was thrown while attempting to create an instance. For the different patterns supported at design time, see https://go.microsoft.com/fwlink/?linkid=851728
